MPLINK 5.00, LINKER
Linker Map File - Created Mon Dec 08 16:26:22 2014

                                 Section Info
                  Section       Type    Address   Location Size(Bytes)
                ---------  ---------  ---------  ---------  ---------
               _entry_scn       code   0x000000    program   0x000006
           .code___init.o       code   0x000006    program   0x000002
              high_vector       code   0x000008    program   0x000006
                   .cinit    romdata   0x00000e    program   0x00001a
             .code_Led2.o       code   0x000028    program   0x000282
.code_PriorityLinkedList.o       code   0x0002aa    program   0x000248
         .code_SevenSeg.o       code   0x0004f2    program   0x00022e
     .code_PreemptiveOS.o       code   0x000720    program   0x000208
            .code_Clock.o       code   0x000928    program   0x000200
            .code_LEDSM.o       code   0x000b28    program   0x0001f4
              .code_TCB.o       code   0x000d1c    program   0x0000be
               _cinit_scn       code   0x000dda    program   0x00009e
            .code_uopen.o       code   0x000e78    program   0x00008a
             .code_main.o       code   0x000f02    program   0x000088
     .code_UartLoopBack.o       code   0x000f8a    program   0x000080
         .code_spi_open.o       code   0x00100a    program   0x000068
           .code_blinky.o       code   0x001072    program   0x000066
            .code_uread.o       code   0x0010d8    program   0x00003e
         .code_spi_writ.o       code   0x001116    program   0x00003c
           .code_t0open.o       code   0x001152    program   0x000038
           .code_uwrite.o       code   0x00118a    program   0x00002e
         .code_LoopBack.o       code   0x0011b8    program   0x00002c
                    .code       code   0x0011e4    program   0x000020
             _startup_scn       code   0x001204    program   0x00001c
         .idata_c018i.o_i    romdata   0x001220    program   0x000000
         .romdata_c018i.o    romdata   0x001220    program   0x000000
        .romdata___init.o    romdata   0x001220    program   0x000000
      .idata_spi_open.o_i    romdata   0x001220    program   0x000000
      .romdata_spi_open.o    romdata   0x001220    program   0x000000
        .idata___init.o_i    romdata   0x001220    program   0x000000
        .idata_t0open.o_i    romdata   0x001220    program   0x000000
        .romdata_t0open.o    romdata   0x001220    program   0x000000
        .romdata_uwrite.o    romdata   0x001220    program   0x000000
         .idata_uopen.o_i    romdata   0x001220    program   0x000000
         .romdata_uopen.o    romdata   0x001220    program   0x000000
         .idata_uread.o_i    romdata   0x001220    program   0x000000
         .romdata_uread.o    romdata   0x001220    program   0x000000
        .idata_uwrite.o_i    romdata   0x001220    program   0x000000
         .idata_udefs.o_i    romdata   0x001220    program   0x000000
         .romdata_udefs.o    romdata   0x001220    program   0x000000
      .idata_spi_writ.o_i    romdata   0x001220    program   0x000000
      .romdata_spi_writ.o    romdata   0x001220    program   0x000000
         .romdata_LEDSM.o    romdata   0x001220    program   0x000000
          .romdata_Led2.o    romdata   0x001220    program   0x000000
      .romdata_LoopBack.o    romdata   0x001220    program   0x000000
  .romdata_PreemptiveOS.o    romdata   0x001220    program   0x000000
.romdata_PriorityLinkedList.o    romdata   0x001220    program   0x000000
     .romdata_Interrupt.o    romdata   0x001220    program   0x000000
      .idata_SevenSeg.o_i    romdata   0x001220    program   0x000010
      .romdata_SevenSeg.o    romdata   0x001220    program   0x000000
           .idata_TCB.o_i    romdata   0x001220    program   0x000000
           .romdata_TCB.o    romdata   0x001220    program   0x000000
         .romdata_Clock.o    romdata   0x001220    program   0x000000
          .romdata_main.o    romdata   0x001220    program   0x000000
          .idata_main.o_i    romdata   0x001220    program   0x000000
        .romdata_blinky.o    romdata   0x001220    program   0x000000
        .idata_blinky.o_i    romdata   0x001220    program   0x000000
  .romdata_UartLoopBack.o    romdata   0x001220    program   0x000000
  .idata_UartLoopBack.o_i    romdata   0x001220    program   0x000000
.idata_PriorityLinkedList.o_i    romdata   0x001230    program   0x000000
  .idata_PreemptiveOS.o_i    romdata   0x001230    program   0x000004
     .idata_Interrupt.o_i    romdata   0x001234    program   0x000000
            .code_c018i.o       code   0x001234    program   0x000000
         .idata_Clock.o_i    romdata   0x001234    program   0x000000
            .code_udefs.o       code   0x001234    program   0x000000
        .code_Interrupt.o       code   0x001234    program   0x000000
      .idata_LoopBack.o_i    romdata   0x001234    program   0x000000
         .idata_LEDSM.o_i    romdata   0x001234    program   0x000000
          .idata_Led2.o_i    romdata   0x001234    program   0x000000
    .config_300001_main.o    romdata   0x300001    program   0x000001
    .config_300002_main.o    romdata   0x300002    program   0x000001
    .config_300003_main.o    romdata   0x300003    program   0x000001
    .config_300006_main.o    romdata   0x300006    program   0x000001
                MATH_DATA      udata   0x000000       data   0x00000b
                 .tmpdata      udata   0x00000b       data   0x000008
            timer0Isr_tmp      udata   0x000013       data   0x000002
    .udata_PreemptiveOS.o      udata   0x000100       data   0x0000c3
        .idata_SevenSeg.o      idata   0x0001c3       data   0x000010
           .udata_Clock.o      udata   0x0001d3       data   0x00000d
           .udata_c018i.o      udata   0x0001e0       data   0x00000a
    .idata_PreemptiveOS.o      idata   0x0001ea       data   0x000004
           .udata_udefs.o      udata   0x0001ee       data   0x000001
        .idata_spi_open.o      idata   0x0001ef       data   0x000000
          .udata_t0open.o      udata   0x0001ef       data   0x000000
        .udata_spi_open.o      udata   0x0001ef       data   0x000000
          .idata_t0open.o      idata   0x0001ef       data   0x000000
           .udata_uopen.o      udata   0x0001ef       data   0x000000
           .idata_uopen.o      idata   0x0001ef       data   0x000000
            .idata_main.o      idata   0x0001ef       data   0x000000
            .udata_main.o      udata   0x0001ef       data   0x000000
           .udata_uread.o      udata   0x0001ef       data   0x000000
           .idata_uread.o      idata   0x0001ef       data   0x000000
           .idata_udefs.o      idata   0x0001ef       data   0x000000
        .udata_spi_writ.o      udata   0x0001ef       data   0x000000
        .idata_spi_writ.o      idata   0x0001ef       data   0x000000
          .udata_uwrite.o      udata   0x0001ef       data   0x000000
          .idata_uwrite.o      idata   0x0001ef       data   0x000000
          .udata___init.o      udata   0x0001ef       data   0x000000
          .idata___init.o      idata   0x0001ef       data   0x000000
           .idata_c018i.o      idata   0x0001ef       data   0x000000
           .idata_Clock.o      idata   0x0001ef       data   0x000000
       .udata_Interrupt.o      udata   0x0001ef       data   0x000000
       .idata_Interrupt.o      idata   0x0001ef       data   0x000000
           .udata_LEDSM.o      udata   0x0001ef       data   0x000000
           .idata_LEDSM.o      idata   0x0001ef       data   0x000000
            .udata_Led2.o      udata   0x0001ef       data   0x000000
            .idata_Led2.o      idata   0x0001ef       data   0x000000
        .udata_LoopBack.o      udata   0x0001ef       data   0x000000
        .idata_LoopBack.o      idata   0x0001ef       data   0x000000
.udata_PriorityLinkedList.o      udata   0x0001ef       data   0x000000
.idata_PriorityLinkedList.o      idata   0x0001ef       data   0x000000
        .udata_SevenSeg.o      udata   0x0001ef       data   0x000000
             .udata_TCB.o      udata   0x0001ef       data   0x000000
             .idata_TCB.o      idata   0x0001ef       data   0x000000
    .udata_UartLoopBack.o      udata   0x0001ef       data   0x000000
    .idata_UartLoopBack.o      idata   0x0001ef       data   0x000000
          .udata_blinky.o      udata   0x0001ef       data   0x000000
          .idata_blinky.o      idata   0x0001ef       data   0x000000
                   .stack      udata   0x000500       data   0x000100
            SFR_UNBANKED0      udata   0x000f80       data   0x000080



                              Program Memory Usage 
                               Start         End      
                           ---------   ---------      
                            0x000000    0x001233      
                            0x300001    0x300003      
                            0x300006    0x300006      
            4664 out of 33048 program addresses used, program memory utilization is 14%



                              Symbols - Sorted by Name
                     Name    Address   Location    Storage File                     
                ---------  ---------  ---------  --------- ---------                
                  OpenSPI   0x00100a    program     extern E:\3.46\pic18-lt\cxx-framework\src\pmc_common\SPI\spi_open.c
               OpenTimer0   0x001152    program     extern E:\3.46\pic18-lt\cxx-framework\src\pmc_common\Timers\t0open.c
                OpenUSART   0x000e78    program     extern E:\3.46\pic18-lt\cxx-framework\src\pmc_common\USART\uopen.c
                ReadUSART   0x0010d8    program     extern E:\3.46\pic18-lt\cxx-framework\src\pmc_common\USART\uread.c
                 WriteSPI   0x001116    program     extern E:\3.46\pic18-lt\cxx-framework\src\pmc_common\SPI\spi_writ.c
               WriteUSART   0x00118a    program     extern E:\3.46\pic18-lt\cxx-framework\src\pmc_common\USART\uwrite.c
       ___return_lbl00000   0x00000c    program     static                          
       ___return_lbl00000   0x000004    program     static                          
       ___return_lbl00001   0x000a8c    program     static                          
       ___return_lbl00001   0x00121e    program     static                          
       ___return_lbl00002   0x000e76    program     static                          
               __config_0   0x300001    program     static C:\Users\JingWen\Desktop\PcControl\src\PIC18\main.c
               __config_1   0x300002    program     static C:\Users\JingWen\Desktop\PcControl\src\PIC18\main.c
               __config_2   0x300003    program     static C:\Users\JingWen\Desktop\PcControl\src\PIC18\main.c
               __config_3   0x300006    program     static C:\Users\JingWen\Desktop\PcControl\src\PIC18\main.c
                   __init   0x000006    program     extern E:\3.46\pic18-lt\cxx-framework\src\traditional\stdclib\__init.c
            __zero_memory   0x0011e4    program     extern E:\3.46\pic18-lt\cxx-framework\src\traditional\proc\p18f4520.asm
   _addPriorityLinkedList   0x0002aa    program     extern C:\Users\JingWen\Desktop\PcControl\src\PIC18\PriorityLinkedList.c
                _do_cinit   0x000dda    program     extern E:\3.46\pic18-lt\cxx-framework\src\traditional\startup\c018i.c
                   _entry   0x000000    program     extern E:\3.46\pic18-lt\cxx-framework\src\traditional\startup\c018i.c
                 _startup   0x001204    program     extern E:\3.46\pic18-lt\cxx-framework\src\traditional\startup\c018i.c
    clearTimer0Overflowed   0x000b24    program     extern C:\Users\JingWen\Desktop\PcControl\src\PIC18\Clock.c
  compareAddressAndRemove   0x000da4    program     extern C:\Users\JingWen\Desktop\PcControl\src\PIC18\TCB.c
          comparePriority   0x000d1c    program     extern C:\Users\JingWen\Desktop\PcControl\src\PIC18\TCB.c
                compare_l   0x0011fa    program     static E:\3.46\pic18-lt\cxx-framework\src\traditional\proc\p18f4520.asm
             configureLED   0x0010cc    program     extern C:\Users\JingWen\Desktop\PcControl\src\PIC18\blinky.c
                copy_loop   0x000e4c    program     static                          
            copy_one_byte   0x000e52    program     static                          
               createTask   0x000720    program     extern C:\Users\JingWen\Desktop\PcControl\src\PIC18\PreemptiveOS.c
                     done   0x000e76    program     static                          
             done_copying   0x000e60    program     static                          
                 getClock   0x000b08    program     extern C:\Users\JingWen\Desktop\PcControl\src\PIC18\Clock.c
      hasTimer0Overflowed   0x000b1a    program     extern C:\Users\JingWen\Desktop\PcControl\src\PIC18\Clock.c
          highPriorityIsr   0x000008    program     extern C:\Users\JingWen\Desktop\PcControl\src\PIC18\Clock.c
             init7Segment   0x0004f2    program     extern C:\Users\JingWen\Desktop\PcControl\src\PIC18\SevenSeg.c
     init7SegmentHardware   0x000510    program     extern C:\Users\JingWen\Desktop\PcControl\src\PIC18\SevenSeg.c
                initClock   0x000af0    program     extern C:\Users\JingWen\Desktop\PcControl\src\PIC18\Clock.c
                  initLed   0x000b28    program     extern C:\Users\JingWen\Desktop\PcControl\src\PIC18\LEDSM.c
initPreemptiveMultitasking   0x00088c    program     extern C:\Users\JingWen\Desktop\PcControl\src\PIC18\PreemptiveOS.c
                   led2SM   0x000034    program     extern C:\Users\JingWen\Desktop\PcControl\src\PIC18\Led2.c
                    ledSM   0x000b46    program     extern C:\Users\JingWen\Desktop\PcControl\src\PIC18\LEDSM.c
                     loop   0x001214    program     static                          
                   loop_h   0x0011f2    program     static E:\3.46\pic18-lt\cxx-framework\src\traditional\proc\p18f4520.asm
                   loop_l   0x0011fc    program     static E:\3.46\pic18-lt\cxx-framework\src\traditional\proc\p18f4520.asm
                     main   0x000f02    program     extern C:\Users\JingWen\Desktop\PcControl\src\PIC18\main.c
                   offLED   0x0010d4    program     extern C:\Users\JingWen\Desktop\PcControl\src\PIC18\blinky.c
                    onLED   0x0010d0    program     extern C:\Users\JingWen\Desktop\PcControl\src\PIC18\blinky.c
removeFromHeadPriorityLinkedList   0x000456    program     extern C:\Users\JingWen\Desktop\PcControl\src\PIC18\PriorityLinkedList.c
           sevenSegmentSM   0x00052a    program     extern C:\Users\JingWen\Desktop\PcControl\src\PIC18\SevenSeg.c
               shortDelay   0x001072    program     extern C:\Users\JingWen\Desktop\PcControl\src\PIC18\blinky.c
                  taskOne   0x0008f4    program     extern C:\Users\JingWen\Desktop\PcControl\src\PIC18\PreemptiveOS.c
                  taskTwo   0x00090e    program     extern C:\Users\JingWen\Desktop\PcControl\src\PIC18\PreemptiveOS.c
                     test   0x000df4    program     static                          
            testingLed2SM   0x000028    program     extern C:\Users\JingWen\Desktop\PcControl\src\PIC18\Led2.c
                timer0Isr   0x000928    program     extern C:\Users\JingWen\Desktop\PcControl\src\PIC18\Clock.c
           uartLoopBackSM   0x000f8a    program     extern C:\Users\JingWen\Desktop\PcControl\src\PIC18\UartLoopBack.c
            usartLoopback   0x0011b8    program     extern C:\Users\JingWen\Desktop\PcControl\src\PIC18\LoopBack.c
            write7Segment   0x0006f2    program     extern C:\Users\JingWen\Desktop\PcControl\src\PIC18\SevenSeg.c
                    xmain   0x000f20    program     extern C:\Users\JingWen\Desktop\PcControl\src\PIC18\main.c
               zero_block   0x0011f2    program     static E:\3.46\pic18-lt\cxx-framework\src\traditional\proc\p18f4520.asm
                   ADCON0   0x000fc2       data     extern E:\3.46\pic18-lt\cxx-framework\src\traditional\proc\p18f4520.asm
               ADCON0bits   0x000fc2       data     extern E:\3.46\pic18-lt\cxx-framework\src\traditional\proc\p18f4520.asm
                   ADCON1   0x000fc1       data     extern E:\3.46\pic18-lt\cxx-framework\src\traditional\proc\p18f4520.asm
               ADCON1bits   0x000fc1       data     extern E:\3.46\pic18-lt\cxx-framework\src\traditional\proc\p18f4520.asm
                   ADCON2   0x000fc0       data     extern E:\3.46\pic18-lt\cxx-framework\src\traditional\proc\p18f4520.asm
               ADCON2bits   0x000fc0       data     extern E:\3.46\pic18-lt\cxx-framework\src\traditional\proc\p18f4520.asm
                    ADRES   0x000fc3       data     extern E:\3.46\pic18-lt\cxx-framework\src\traditional\proc\p18f4520.asm
                   ADRESH   0x000fc4       data     extern E:\3.46\pic18-lt\cxx-framework\src\traditional\proc\p18f4520.asm
                   ADRESL   0x000fc3       data     extern E:\3.46\pic18-lt\cxx-framework\src\traditional\proc\p18f4520.asm
                  BAUDCON   0x000fb8       data     extern E:\3.46\pic18-lt\cxx-framework\src\traditional\proc\p18f4520.asm
              BAUDCONbits   0x000fb8       data     extern E:\3.46\pic18-lt\cxx-framework\src\traditional\proc\p18f4520.asm
                  BAUDCTL   0x000fb8       data     extern E:\3.46\pic18-lt\cxx-framework\src\traditional\proc\p18f4520.asm
              BAUDCTLbits   0x000fb8       data     extern E:\3.46\pic18-lt\cxx-framework\src\traditional\proc\p18f4520.asm
                      BSR   0x000fe0       data     extern E:\3.46\pic18-lt\cxx-framework\src\traditional\proc\p18f4520.asm
                  CCP1CON   0x000fbd       data     extern E:\3.46\pic18-lt\cxx-framework\src\traditional\proc\p18f4520.asm
              CCP1CONbits   0x000fbd       data     extern E:\3.46\pic18-lt\cxx-framework\src\traditional\proc\p18f4520.asm
                  CCP2CON   0x000fba       data     extern E:\3.46\pic18-lt\cxx-framework\src\traditional\proc\p18f4520.asm
              CCP2CONbits   0x000fba       data     extern E:\3.46\pic18-lt\cxx-framework\src\traditional\proc\p18f4520.asm
                    CCPR1   0x000fbe       data     extern E:\3.46\pic18-lt\cxx-framework\src\traditional\proc\p18f4520.asm
                   CCPR1H   0x000fbf       data     extern E:\3.46\pic18-lt\cxx-framework\src\traditional\proc\p18f4520.asm
                   CCPR1L   0x000fbe       data     extern E:\3.46\pic18-lt\cxx-framework\src\traditional\proc\p18f4520.asm
                    CCPR2   0x000fbb       data     extern E:\3.46\pic18-lt\cxx-framework\src\traditional\proc\p18f4520.asm
                   CCPR2H   0x000fbc       data     extern E:\3.46\pic18-lt\cxx-framework\src\traditional\proc\p18f4520.asm
                   CCPR2L   0x000fbb       data     extern E:\3.46\pic18-lt\cxx-framework\src\traditional\proc\p18f4520.asm
                    CMCON   0x000fb4       data     extern E:\3.46\pic18-lt\cxx-framework\src\traditional\proc\p18f4520.asm
                CMCONbits   0x000fb4       data     extern E:\3.46\pic18-lt\cxx-framework\src\traditional\proc\p18f4520.asm
                   CVRCON   0x000fb5       data     extern E:\3.46\pic18-lt\cxx-framework\src\traditional\proc\p18f4520.asm
               CVRCONbits   0x000fb5       data     extern E:\3.46\pic18-lt\cxx-framework\src\traditional\proc\p18f4520.asm
                     DDRA   0x000f92       data     extern E:\3.46\pic18-lt\cxx-framework\src\traditional\proc\p18f4520.asm
                 DDRAbits   0x000f92       data     extern E:\3.46\pic18-lt\cxx-framework\src\traditional\proc\p18f4520.asm
                     DDRB   0x000f93       data     extern E:\3.46\pic18-lt\cxx-framework\src\traditional\proc\p18f4520.asm
                 DDRBbits   0x000f93       data     extern E:\3.46\pic18-lt\cxx-framework\src\traditional\proc\p18f4520.asm
                     DDRC   0x000f94       data     extern E:\3.46\pic18-lt\cxx-framework\src\traditional\proc\p18f4520.asm
                 DDRCbits   0x000f94       data     extern E:\3.46\pic18-lt\cxx-framework\src\traditional\proc\p18f4520.asm
                     DDRD   0x000f95       data     extern E:\3.46\pic18-lt\cxx-framework\src\traditional\proc\p18f4520.asm
                 DDRDbits   0x000f95       data     extern E:\3.46\pic18-lt\cxx-framework\src\traditional\proc\p18f4520.asm
                     DDRE   0x000f96       data     extern E:\3.46\pic18-lt\cxx-framework\src\traditional\proc\p18f4520.asm
                 DDREbits   0x000f96       data     extern E:\3.46\pic18-lt\cxx-framework\src\traditional\proc\p18f4520.asm
                  ECCP1AS   0x000fb6       data     extern E:\3.46\pic18-lt\cxx-framework\src\traditional\proc\p18f4520.asm
              ECCP1ASbits   0x000fb6       data     extern E:\3.46\pic18-lt\cxx-framework\src\traditional\proc\p18f4520.asm
                 ECCP1DEL   0x000fb7       data     extern E:\3.46\pic18-lt\cxx-framework\src\traditional\proc\p18f4520.asm
             ECCP1DELbits   0x000fb7       data     extern E:\3.46\pic18-lt\cxx-framework\src\traditional\proc\p18f4520.asm
                   ECCPAS   0x000fb6       data     extern E:\3.46\pic18-lt\cxx-framework\src\traditional\proc\p18f4520.asm
               ECCPASbits   0x000fb6       data     extern E:\3.46\pic18-lt\cxx-framework\src\traditional\proc\p18f4520.asm
                    EEADR   0x000fa9       data     extern E:\3.46\pic18-lt\cxx-framework\src\traditional\proc\p18f4520.asm
                   EECON1   0x000fa6       data     extern E:\3.46\pic18-lt\cxx-framework\src\traditional\proc\p18f4520.asm
               EECON1bits   0x000fa6       data     extern E:\3.46\pic18-lt\cxx-framework\src\traditional\proc\p18f4520.asm
                   EECON2   0x000fa7       data     extern E:\3.46\pic18-lt\cxx-framework\src\traditional\proc\p18f4520.asm
                   EEDATA   0x000fa8       data     extern E:\3.46\pic18-lt\cxx-framework\src\traditional\proc\p18f4520.asm
                     FSR0   0x000fe9       data     extern E:\3.46\pic18-lt\cxx-framework\src\traditional\proc\p18f4520.asm
                    FSR0H   0x000fea       data     extern E:\3.46\pic18-lt\cxx-framework\src\traditional\proc\p18f4520.asm
                    FSR0L   0x000fe9       data     extern E:\3.46\pic18-lt\cxx-framework\src\traditional\proc\p18f4520.asm
                     FSR1   0x000fe1       data     extern E:\3.46\pic18-lt\cxx-framework\src\traditional\proc\p18f4520.asm
                    FSR1H   0x000fe2       data     extern E:\3.46\pic18-lt\cxx-framework\src\traditional\proc\p18f4520.asm
                    FSR1L   0x000fe1       data     extern E:\3.46\pic18-lt\cxx-framework\src\traditional\proc\p18f4520.asm
                     FSR2   0x000fd9       data     extern E:\3.46\pic18-lt\cxx-framework\src\traditional\proc\p18f4520.asm
                    FSR2H   0x000fda       data     extern E:\3.46\pic18-lt\cxx-framework\src\traditional\proc\p18f4520.asm
                    FSR2L   0x000fd9       data     extern E:\3.46\pic18-lt\cxx-framework\src\traditional\proc\p18f4520.asm
                  HLVDCON   0x000fd2       data     extern E:\3.46\pic18-lt\cxx-framework\src\traditional\proc\p18f4520.asm
              HLVDCONbits   0x000fd2       data     extern E:\3.46\pic18-lt\cxx-framework\src\traditional\proc\p18f4520.asm
                    INDF0   0x000fef       data     extern E:\3.46\pic18-lt\cxx-framework\src\traditional\proc\p18f4520.asm
                    INDF1   0x000fe7       data     extern E:\3.46\pic18-lt\cxx-framework\src\traditional\proc\p18f4520.asm
                    INDF2   0x000fdf       data     extern E:\3.46\pic18-lt\cxx-framework\src\traditional\proc\p18f4520.asm
                   INTCON   0x000ff2       data     extern E:\3.46\pic18-lt\cxx-framework\src\traditional\proc\p18f4520.asm
                  INTCON2   0x000ff1       data     extern E:\3.46\pic18-lt\cxx-framework\src\traditional\proc\p18f4520.asm
              INTCON2bits   0x000ff1       data     extern E:\3.46\pic18-lt\cxx-framework\src\traditional\proc\p18f4520.asm
                  INTCON3   0x000ff0       data     extern E:\3.46\pic18-lt\cxx-framework\src\traditional\proc\p18f4520.asm
              INTCON3bits   0x000ff0       data     extern E:\3.46\pic18-lt\cxx-framework\src\traditional\proc\p18f4520.asm
               INTCONbits   0x000ff2       data     extern E:\3.46\pic18-lt\cxx-framework\src\traditional\proc\p18f4520.asm
                     IPR1   0x000f9f       data     extern E:\3.46\pic18-lt\cxx-framework\src\traditional\proc\p18f4520.asm
                 IPR1bits   0x000f9f       data     extern E:\3.46\pic18-lt\cxx-framework\src\traditional\proc\p18f4520.asm
                     IPR2   0x000fa2       data     extern E:\3.46\pic18-lt\cxx-framework\src\traditional\proc\p18f4520.asm
                 IPR2bits   0x000fa2       data     extern E:\3.46\pic18-lt\cxx-framework\src\traditional\proc\p18f4520.asm
                     LATA   0x000f89       data     extern E:\3.46\pic18-lt\cxx-framework\src\traditional\proc\p18f4520.asm
                 LATAbits   0x000f89       data     extern E:\3.46\pic18-lt\cxx-framework\src\traditional\proc\p18f4520.asm
                     LATB   0x000f8a       data     extern E:\3.46\pic18-lt\cxx-framework\src\traditional\proc\p18f4520.asm
                 LATBbits   0x000f8a       data     extern E:\3.46\pic18-lt\cxx-framework\src\traditional\proc\p18f4520.asm
                     LATC   0x000f8b       data     extern E:\3.46\pic18-lt\cxx-framework\src\traditional\proc\p18f4520.asm
                 LATCbits   0x000f8b       data     extern E:\3.46\pic18-lt\cxx-framework\src\traditional\proc\p18f4520.asm
                     LATD   0x000f8c       data     extern E:\3.46\pic18-lt\cxx-framework\src\traditional\proc\p18f4520.asm
                 LATDbits   0x000f8c       data     extern E:\3.46\pic18-lt\cxx-framework\src\traditional\proc\p18f4520.asm
                     LATE   0x000f8d       data     extern E:\3.46\pic18-lt\cxx-framework\src\traditional\proc\p18f4520.asm
                 LATEbits   0x000f8d       data     extern E:\3.46\pic18-lt\cxx-framework\src\traditional\proc\p18f4520.asm
                   LVDCON   0x000fd2       data     extern E:\3.46\pic18-lt\cxx-framework\src\traditional\proc\p18f4520.asm
               LVDCONbits   0x000fd2       data     extern E:\3.46\pic18-lt\cxx-framework\src\traditional\proc\p18f4520.asm
                   OSCCON   0x000fd3       data     extern E:\3.46\pic18-lt\cxx-framework\src\traditional\proc\p18f4520.asm
               OSCCONbits   0x000fd3       data     extern E:\3.46\pic18-lt\cxx-framework\src\traditional\proc\p18f4520.asm
                  OSCTUNE   0x000f9b       data     extern E:\3.46\pic18-lt\cxx-framework\src\traditional\proc\p18f4520.asm
              OSCTUNEbits   0x000f9b       data     extern E:\3.46\pic18-lt\cxx-framework\src\traditional\proc\p18f4520.asm
                       PC   0x000ff9       data     extern E:\3.46\pic18-lt\cxx-framework\src\traditional\proc\p18f4520.asm
                      PCL   0x000ff9       data     extern E:\3.46\pic18-lt\cxx-framework\src\traditional\proc\p18f4520.asm
                   PCLATH   0x000ffa       data     extern E:\3.46\pic18-lt\cxx-framework\src\traditional\proc\p18f4520.asm
                   PCLATU   0x000ffb       data     extern E:\3.46\pic18-lt\cxx-framework\src\traditional\proc\p18f4520.asm
                     PIE1   0x000f9d       data     extern E:\3.46\pic18-lt\cxx-framework\src\traditional\proc\p18f4520.asm
                 PIE1bits   0x000f9d       data     extern E:\3.46\pic18-lt\cxx-framework\src\traditional\proc\p18f4520.asm
                     PIE2   0x000fa0       data     extern E:\3.46\pic18-lt\cxx-framework\src\traditional\proc\p18f4520.asm
                 PIE2bits   0x000fa0       data     extern E:\3.46\pic18-lt\cxx-framework\src\traditional\proc\p18f4520.asm
                     PIR1   0x000f9e       data     extern E:\3.46\pic18-lt\cxx-framework\src\traditional\proc\p18f4520.asm
                 PIR1bits   0x000f9e       data     extern E:\3.46\pic18-lt\cxx-framework\src\traditional\proc\p18f4520.asm
                     PIR2   0x000fa1       data     extern E:\3.46\pic18-lt\cxx-framework\src\traditional\proc\p18f4520.asm
                 PIR2bits   0x000fa1       data     extern E:\3.46\pic18-lt\cxx-framework\src\traditional\proc\p18f4520.asm
                   PLUSW0   0x000feb       data     extern E:\3.46\pic18-lt\cxx-framework\src\traditional\proc\p18f4520.asm
                   PLUSW1   0x000fe3       data     extern E:\3.46\pic18-lt\cxx-framework\src\traditional\proc\p18f4520.asm
                   PLUSW2   0x000fdb       data     extern E:\3.46\pic18-lt\cxx-framework\src\traditional\proc\p18f4520.asm
                    PORTA   0x000f80       data     extern E:\3.46\pic18-lt\cxx-framework\src\traditional\proc\p18f4520.asm
                PORTAbits   0x000f80       data     extern E:\3.46\pic18-lt\cxx-framework\src\traditional\proc\p18f4520.asm
                    PORTB   0x000f81       data     extern E:\3.46\pic18-lt\cxx-framework\src\traditional\proc\p18f4520.asm
                PORTBbits   0x000f81       data     extern E:\3.46\pic18-lt\cxx-framework\src\traditional\proc\p18f4520.asm
                    PORTC   0x000f82       data     extern E:\3.46\pic18-lt\cxx-framework\src\traditional\proc\p18f4520.asm
                PORTCbits   0x000f82       data     extern E:\3.46\pic18-lt\cxx-framework\src\traditional\proc\p18f4520.asm
                    PORTD   0x000f83       data     extern E:\3.46\pic18-lt\cxx-framework\src\traditional\proc\p18f4520.asm
                PORTDbits   0x000f83       data     extern E:\3.46\pic18-lt\cxx-framework\src\traditional\proc\p18f4520.asm
                    PORTE   0x000f84       data     extern E:\3.46\pic18-lt\cxx-framework\src\traditional\proc\p18f4520.asm
                PORTEbits   0x000f84       data     extern E:\3.46\pic18-lt\cxx-framework\src\traditional\proc\p18f4520.asm
                 POSTDEC0   0x000fed       data     extern E:\3.46\pic18-lt\cxx-framework\src\traditional\proc\p18f4520.asm
                 POSTDEC1   0x000fe5       data     extern E:\3.46\pic18-lt\cxx-framework\src\traditional\proc\p18f4520.asm
                 POSTDEC2   0x000fdd       data     extern E:\3.46\pic18-lt\cxx-framework\src\traditional\proc\p18f4520.asm
                 POSTINC0   0x000fee       data     extern E:\3.46\pic18-lt\cxx-framework\src\traditional\proc\p18f4520.asm
                 POSTINC1   0x000fe6       data     extern E:\3.46\pic18-lt\cxx-framework\src\traditional\proc\p18f4520.asm
                 POSTINC2   0x000fde       data     extern E:\3.46\pic18-lt\cxx-framework\src\traditional\proc\p18f4520.asm
                      PR2   0x000fcb       data     extern E:\3.46\pic18-lt\cxx-framework\src\traditional\proc\p18f4520.asm
                  PREINC0   0x000fec       data     extern E:\3.46\pic18-lt\cxx-framework\src\traditional\proc\p18f4520.asm
                  PREINC1   0x000fe4       data     extern E:\3.46\pic18-lt\cxx-framework\src\traditional\proc\p18f4520.asm
                  PREINC2   0x000fdc       data     extern E:\3.46\pic18-lt\cxx-framework\src\traditional\proc\p18f4520.asm
                     PROD   0x000ff3       data     extern E:\3.46\pic18-lt\cxx-framework\src\traditional\proc\p18f4520.asm
                    PRODH   0x000ff4       data     extern E:\3.46\pic18-lt\cxx-framework\src\traditional\proc\p18f4520.asm
                    PRODL   0x000ff3       data     extern E:\3.46\pic18-lt\cxx-framework\src\traditional\proc\p18f4520.asm
                  PWM1CON   0x000fb7       data     extern E:\3.46\pic18-lt\cxx-framework\src\traditional\proc\p18f4520.asm
              PWM1CONbits   0x000fb7       data     extern E:\3.46\pic18-lt\cxx-framework\src\traditional\proc\p18f4520.asm
                     RCON   0x000fd0       data     extern E:\3.46\pic18-lt\cxx-framework\src\traditional\proc\p18f4520.asm
                 RCONbits   0x000fd0       data     extern E:\3.46\pic18-lt\cxx-framework\src\traditional\proc\p18f4520.asm
                    RCREG   0x000fae       data     extern E:\3.46\pic18-lt\cxx-framework\src\traditional\proc\p18f4520.asm
                    RCSTA   0x000fab       data     extern E:\3.46\pic18-lt\cxx-framework\src\traditional\proc\p18f4520.asm
                RCSTAbits   0x000fab       data     extern E:\3.46\pic18-lt\cxx-framework\src\traditional\proc\p18f4520.asm
                     SIGN   0x000009       data     extern E:\3.46\pic18-lt\cxx-framework\src\traditional\math\cmath18.asm
                    SPBRG   0x000faf       data     extern E:\3.46\pic18-lt\cxx-framework\src\traditional\proc\p18f4520.asm
                   SPBRGH   0x000fb0       data     extern E:\3.46\pic18-lt\cxx-framework\src\traditional\proc\p18f4520.asm
                   SSPADD   0x000fc8       data     extern E:\3.46\pic18-lt\cxx-framework\src\traditional\proc\p18f4520.asm
                   SSPBUF   0x000fc9       data     extern E:\3.46\pic18-lt\cxx-framework\src\traditional\proc\p18f4520.asm
                  SSPCON1   0x000fc6       data     extern E:\3.46\pic18-lt\cxx-framework\src\traditional\proc\p18f4520.asm
              SSPCON1bits   0x000fc6       data     extern E:\3.46\pic18-lt\cxx-framework\src\traditional\proc\p18f4520.asm
                  SSPCON2   0x000fc5       data     extern E:\3.46\pic18-lt\cxx-framework\src\traditional\proc\p18f4520.asm
              SSPCON2bits   0x000fc5       data     extern E:\3.46\pic18-lt\cxx-framework\src\traditional\proc\p18f4520.asm
                  SSPSTAT   0x000fc7       data     extern E:\3.46\pic18-lt\cxx-framework\src\traditional\proc\p18f4520.asm
              SSPSTATbits   0x000fc7       data     extern E:\3.46\pic18-lt\cxx-framework\src\traditional\proc\p18f4520.asm
                   STATUS   0x000fd8       data     extern E:\3.46\pic18-lt\cxx-framework\src\traditional\proc\p18f4520.asm
               STATUSbits   0x000fd8       data     extern E:\3.46\pic18-lt\cxx-framework\src\traditional\proc\p18f4520.asm
                   STKPTR   0x000ffc       data     extern E:\3.46\pic18-lt\cxx-framework\src\traditional\proc\p18f4520.asm
               STKPTRbits   0x000ffc       data     extern E:\3.46\pic18-lt\cxx-framework\src\traditional\proc\p18f4520.asm
                    T0CON   0x000fd5       data     extern E:\3.46\pic18-lt\cxx-framework\src\traditional\proc\p18f4520.asm
                T0CONbits   0x000fd5       data     extern E:\3.46\pic18-lt\cxx-framework\src\traditional\proc\p18f4520.asm
                    T1CON   0x000fcd       data     extern E:\3.46\pic18-lt\cxx-framework\src\traditional\proc\p18f4520.asm
                T1CONbits   0x000fcd       data     extern E:\3.46\pic18-lt\cxx-framework\src\traditional\proc\p18f4520.asm
                    T2CON   0x000fca       data     extern E:\3.46\pic18-lt\cxx-framework\src\traditional\proc\p18f4520.asm
                T2CONbits   0x000fca       data     extern E:\3.46\pic18-lt\cxx-framework\src\traditional\proc\p18f4520.asm
                    T3CON   0x000fb1       data     extern E:\3.46\pic18-lt\cxx-framework\src\traditional\proc\p18f4520.asm
                T3CONbits   0x000fb1       data     extern E:\3.46\pic18-lt\cxx-framework\src\traditional\proc\p18f4520.asm
                   TABLAT   0x000ff5       data     extern E:\3.46\pic18-lt\cxx-framework\src\traditional\proc\p18f4520.asm
                   TBLPTR   0x000ff6       data     extern E:\3.46\pic18-lt\cxx-framework\src\traditional\proc\p18f4520.asm
                  TBLPTRH   0x000ff7       data     extern E:\3.46\pic18-lt\cxx-framework\src\traditional\proc\p18f4520.asm
                  TBLPTRL   0x000ff6       data     extern E:\3.46\pic18-lt\cxx-framework\src\traditional\proc\p18f4520.asm
                  TBLPTRU   0x000ff8       data     extern E:\3.46\pic18-lt\cxx-framework\src\traditional\proc\p18f4520.asm
                    TMR0H   0x000fd7       data     extern E:\3.46\pic18-lt\cxx-framework\src\traditional\proc\p18f4520.asm
                    TMR0L   0x000fd6       data     extern E:\3.46\pic18-lt\cxx-framework\src\traditional\proc\p18f4520.asm
                    TMR1H   0x000fcf       data     extern E:\3.46\pic18-lt\cxx-framework\src\traditional\proc\p18f4520.asm
                    TMR1L   0x000fce       data     extern E:\3.46\pic18-lt\cxx-framework\src\traditional\proc\p18f4520.asm
                     TMR2   0x000fcc       data     extern E:\3.46\pic18-lt\cxx-framework\src\traditional\proc\p18f4520.asm
                    TMR3H   0x000fb3       data     extern E:\3.46\pic18-lt\cxx-framework\src\traditional\proc\p18f4520.asm
                    TMR3L   0x000fb2       data     extern E:\3.46\pic18-lt\cxx-framework\src\traditional\proc\p18f4520.asm
                      TOS   0x000ffd       data     extern E:\3.46\pic18-lt\cxx-framework\src\traditional\proc\p18f4520.asm
                     TOSH   0x000ffe       data     extern E:\3.46\pic18-lt\cxx-framework\src\traditional\proc\p18f4520.asm
                     TOSL   0x000ffd       data     extern E:\3.46\pic18-lt\cxx-framework\src\traditional\proc\p18f4520.asm
                     TOSU   0x000fff       data     extern E:\3.46\pic18-lt\cxx-framework\src\traditional\proc\p18f4520.asm
                    TRISA   0x000f92       data     extern E:\3.46\pic18-lt\cxx-framework\src\traditional\proc\p18f4520.asm
                TRISAbits   0x000f92       data     extern E:\3.46\pic18-lt\cxx-framework\src\traditional\proc\p18f4520.asm
                    TRISB   0x000f93       data     extern E:\3.46\pic18-lt\cxx-framework\src\traditional\proc\p18f4520.asm
                TRISBbits   0x000f93       data     extern E:\3.46\pic18-lt\cxx-framework\src\traditional\proc\p18f4520.asm
                    TRISC   0x000f94       data     extern E:\3.46\pic18-lt\cxx-framework\src\traditional\proc\p18f4520.asm
                TRISCbits   0x000f94       data     extern E:\3.46\pic18-lt\cxx-framework\src\traditional\proc\p18f4520.asm
                    TRISD   0x000f95       data     extern E:\3.46\pic18-lt\cxx-framework\src\traditional\proc\p18f4520.asm
                TRISDbits   0x000f95       data     extern E:\3.46\pic18-lt\cxx-framework\src\traditional\proc\p18f4520.asm
                    TRISE   0x000f96       data     extern E:\3.46\pic18-lt\cxx-framework\src\traditional\proc\p18f4520.asm
                TRISEbits   0x000f96       data     extern E:\3.46\pic18-lt\cxx-framework\src\traditional\proc\p18f4520.asm
                    TXREG   0x000fad       data     extern E:\3.46\pic18-lt\cxx-framework\src\traditional\proc\p18f4520.asm
                    TXSTA   0x000fac       data     extern E:\3.46\pic18-lt\cxx-framework\src\traditional\proc\p18f4520.asm
                TXSTAbits   0x000fac       data     extern E:\3.46\pic18-lt\cxx-framework\src\traditional\proc\p18f4520.asm
             USART_Status   0x0001ee       data     extern E:\3.46\pic18-lt\cxx-framework\src\pmc_common\USART\udefs.c
                        W   0x000fe8       data     extern E:\3.46\pic18-lt\cxx-framework\src\traditional\proc\p18f4520.asm
                   WDTCON   0x000fd1       data     extern E:\3.46\pic18-lt\cxx-framework\src\traditional\proc\p18f4520.asm
               WDTCONbits   0x000fd1       data     extern E:\3.46\pic18-lt\cxx-framework\src\traditional\proc\p18f4520.asm
                     WREG   0x000fe8       data     extern E:\3.46\pic18-lt\cxx-framework\src\traditional\proc\p18f4520.asm
                 __AARGB0   0x000007       data     extern E:\3.46\pic18-lt\cxx-framework\src\traditional\math\aarg.asm
                 __AARGB1   0x000006       data     extern E:\3.46\pic18-lt\cxx-framework\src\traditional\math\aarg.asm
                 __AARGB2   0x000005       data     extern E:\3.46\pic18-lt\cxx-framework\src\traditional\math\aarg.asm
                 __AARGB3   0x000004       data     extern E:\3.46\pic18-lt\cxx-framework\src\traditional\math\aarg.asm
                 __AARGB4   0x000003       data     extern E:\3.46\pic18-lt\cxx-framework\src\traditional\math\aarg.asm
                 __AARGB5   0x000002       data     extern E:\3.46\pic18-lt\cxx-framework\src\traditional\math\aarg.asm
                 __AARGB6   0x000001       data     extern E:\3.46\pic18-lt\cxx-framework\src\traditional\math\aarg.asm
                 __AARGB7   0x000000       data     extern E:\3.46\pic18-lt\cxx-framework\src\traditional\math\aarg.asm
                   __AEXP   0x000008       data     extern E:\3.46\pic18-lt\cxx-framework\src\traditional\math\aarg.asm
                __FPFLAGS   0x00000a       data     extern E:\3.46\pic18-lt\cxx-framework\src\traditional\math\cmath18.asm
            __FPFLAGSbits   0x00000a       data     extern E:\3.46\pic18-lt\cxx-framework\src\traditional\math\cmath18.asm
                  __REMB0   0x000003       data     extern E:\3.46\pic18-lt\cxx-framework\src\traditional\math\aarg.asm
                  __REMB1   0x000002       data     extern E:\3.46\pic18-lt\cxx-framework\src\traditional\math\aarg.asm
                  __REMB2   0x000001       data     extern E:\3.46\pic18-lt\cxx-framework\src\traditional\math\aarg.asm
                  __REMB3   0x000000       data     extern E:\3.46\pic18-lt\cxx-framework\src\traditional\math\aarg.asm
                  __tmp_0   0x00000b       data     static E:\3.46\pic18-lt\cxx-framework\src\pmc_common\USART\uopen.c
                  __tmp_0   0x00000b       data     static C:\Users\JingWen\Desktop\PcControl\src\PIC18\LEDSM.c
                  __tmp_0   0x00000b       data     static C:\Users\JingWen\Desktop\PcControl\src\PIC18\Led2.c
                  __tmp_0   0x00000b       data     static C:\Users\JingWen\Desktop\PcControl\src\PIC18\PreemptiveOS.c
                  __tmp_0   0x00000b       data     static C:\Users\JingWen\Desktop\PcControl\src\PIC18\PriorityLinkedList.c
                  __tmp_0   0x00000b       data     static C:\Users\JingWen\Desktop\PcControl\src\PIC18\SevenSeg.c
                  __tmp_0   0x00000b       data     static C:\Users\JingWen\Desktop\PcControl\src\PIC18\TCB.c
                  __tmp_1   0x000013       data     static C:\Users\JingWen\Desktop\PcControl\src\PIC18\Clock.c
                  allTCBs   0x000102       data     extern C:\Users\JingWen\Desktop\PcControl\src\PIC18\PreemptiveOS.c
            bankSelectReg   0x0001d8       data     extern C:\Users\JingWen\Desktop\PcControl\src\PIC18\Clock.c
                    clock   0x0001d3       data     extern C:\Users\JingWen\Desktop\PcControl\src\PIC18\Clock.c
                curr_byte   0x0001e3       data     static E:\3.46\pic18-lt\cxx-framework\src\traditional\startup\c018i.c
               curr_entry   0x0001e5       data     static E:\3.46\pic18-lt\cxx-framework\src\traditional\startup\c018i.c
                 data_ptr   0x0001e7       data     static E:\3.46\pic18-lt\cxx-framework\src\traditional\startup\c018i.c
                     prom   0x0001e0       data     static E:\3.46\pic18-lt\cxx-framework\src\traditional\startup\c018i.c
               readyQueue   0x0001ea       data     extern C:\Users\JingWen\Desktop\PcControl\src\PIC18\PreemptiveOS.c
               runningTCB   0x000100       data     extern C:\Users\JingWen\Desktop\PcControl\src\PIC18\PreemptiveOS.c
          sevenSegPattern   0x0001c3       data     extern C:\Users\JingWen\Desktop\PcControl\src\PIC18\SevenSeg.c
             stackPointer   0x0001de       data     extern C:\Users\JingWen\Desktop\PcControl\src\PIC18\Clock.c
                   stacks   0x000123       data     extern C:\Users\JingWen\Desktop\PcControl\src\PIC18\PreemptiveOS.c
                statusReg   0x0001d9       data     extern C:\Users\JingWen\Desktop\PcControl\src\PIC18\Clock.c
                     task   0x0001dc       data     extern C:\Users\JingWen\Desktop\PcControl\src\PIC18\Clock.c
                    tosHi   0x0001da       data     extern C:\Users\JingWen\Desktop\PcControl\src\PIC18\Clock.c
                    tosLo   0x0001db       data     extern C:\Users\JingWen\Desktop\PcControl\src\PIC18\Clock.c
               workingReg   0x0001d7       data     extern C:\Users\JingWen\Desktop\PcControl\src\PIC18\Clock.c



                              Symbols - Sorted by Address
                     Name    Address   Location    Storage File                     
                ---------  ---------  ---------  --------- ---------                
                   _entry   0x000000    program     extern E:\3.46\pic18-lt\cxx-framework\src\traditional\startup\c018i.c
       ___return_lbl00000   0x000004    program     static                          
                   __init   0x000006    program     extern E:\3.46\pic18-lt\cxx-framework\src\traditional\stdclib\__init.c
          highPriorityIsr   0x000008    program     extern C:\Users\JingWen\Desktop\PcControl\src\PIC18\Clock.c
       ___return_lbl00000   0x00000c    program     static                          
            testingLed2SM   0x000028    program     extern C:\Users\JingWen\Desktop\PcControl\src\PIC18\Led2.c
                   led2SM   0x000034    program     extern C:\Users\JingWen\Desktop\PcControl\src\PIC18\Led2.c
   _addPriorityLinkedList   0x0002aa    program     extern C:\Users\JingWen\Desktop\PcControl\src\PIC18\PriorityLinkedList.c
removeFromHeadPriorityLinkedList   0x000456    program     extern C:\Users\JingWen\Desktop\PcControl\src\PIC18\PriorityLinkedList.c
             init7Segment   0x0004f2    program     extern C:\Users\JingWen\Desktop\PcControl\src\PIC18\SevenSeg.c
     init7SegmentHardware   0x000510    program     extern C:\Users\JingWen\Desktop\PcControl\src\PIC18\SevenSeg.c
           sevenSegmentSM   0x00052a    program     extern C:\Users\JingWen\Desktop\PcControl\src\PIC18\SevenSeg.c
            write7Segment   0x0006f2    program     extern C:\Users\JingWen\Desktop\PcControl\src\PIC18\SevenSeg.c
               createTask   0x000720    program     extern C:\Users\JingWen\Desktop\PcControl\src\PIC18\PreemptiveOS.c
initPreemptiveMultitasking   0x00088c    program     extern C:\Users\JingWen\Desktop\PcControl\src\PIC18\PreemptiveOS.c
                  taskOne   0x0008f4    program     extern C:\Users\JingWen\Desktop\PcControl\src\PIC18\PreemptiveOS.c
                  taskTwo   0x00090e    program     extern C:\Users\JingWen\Desktop\PcControl\src\PIC18\PreemptiveOS.c
                timer0Isr   0x000928    program     extern C:\Users\JingWen\Desktop\PcControl\src\PIC18\Clock.c
       ___return_lbl00001   0x000a8c    program     static                          
                initClock   0x000af0    program     extern C:\Users\JingWen\Desktop\PcControl\src\PIC18\Clock.c
                 getClock   0x000b08    program     extern C:\Users\JingWen\Desktop\PcControl\src\PIC18\Clock.c
      hasTimer0Overflowed   0x000b1a    program     extern C:\Users\JingWen\Desktop\PcControl\src\PIC18\Clock.c
    clearTimer0Overflowed   0x000b24    program     extern C:\Users\JingWen\Desktop\PcControl\src\PIC18\Clock.c
                  initLed   0x000b28    program     extern C:\Users\JingWen\Desktop\PcControl\src\PIC18\LEDSM.c
                    ledSM   0x000b46    program     extern C:\Users\JingWen\Desktop\PcControl\src\PIC18\LEDSM.c
          comparePriority   0x000d1c    program     extern C:\Users\JingWen\Desktop\PcControl\src\PIC18\TCB.c
  compareAddressAndRemove   0x000da4    program     extern C:\Users\JingWen\Desktop\PcControl\src\PIC18\TCB.c
                _do_cinit   0x000dda    program     extern E:\3.46\pic18-lt\cxx-framework\src\traditional\startup\c018i.c
                     test   0x000df4    program     static                          
                copy_loop   0x000e4c    program     static                          
            copy_one_byte   0x000e52    program     static                          
             done_copying   0x000e60    program     static                          
                     done   0x000e76    program     static                          
       ___return_lbl00002   0x000e76    program     static                          
                OpenUSART   0x000e78    program     extern E:\3.46\pic18-lt\cxx-framework\src\pmc_common\USART\uopen.c
                     main   0x000f02    program     extern C:\Users\JingWen\Desktop\PcControl\src\PIC18\main.c
                    xmain   0x000f20    program     extern C:\Users\JingWen\Desktop\PcControl\src\PIC18\main.c
           uartLoopBackSM   0x000f8a    program     extern C:\Users\JingWen\Desktop\PcControl\src\PIC18\UartLoopBack.c
                  OpenSPI   0x00100a    program     extern E:\3.46\pic18-lt\cxx-framework\src\pmc_common\SPI\spi_open.c
               shortDelay   0x001072    program     extern C:\Users\JingWen\Desktop\PcControl\src\PIC18\blinky.c
             configureLED   0x0010cc    program     extern C:\Users\JingWen\Desktop\PcControl\src\PIC18\blinky.c
                    onLED   0x0010d0    program     extern C:\Users\JingWen\Desktop\PcControl\src\PIC18\blinky.c
                   offLED   0x0010d4    program     extern C:\Users\JingWen\Desktop\PcControl\src\PIC18\blinky.c
                ReadUSART   0x0010d8    program     extern E:\3.46\pic18-lt\cxx-framework\src\pmc_common\USART\uread.c
                 WriteSPI   0x001116    program     extern E:\3.46\pic18-lt\cxx-framework\src\pmc_common\SPI\spi_writ.c
               OpenTimer0   0x001152    program     extern E:\3.46\pic18-lt\cxx-framework\src\pmc_common\Timers\t0open.c
               WriteUSART   0x00118a    program     extern E:\3.46\pic18-lt\cxx-framework\src\pmc_common\USART\uwrite.c
            usartLoopback   0x0011b8    program     extern C:\Users\JingWen\Desktop\PcControl\src\PIC18\LoopBack.c
            __zero_memory   0x0011e4    program     extern E:\3.46\pic18-lt\cxx-framework\src\traditional\proc\p18f4520.asm
               zero_block   0x0011f2    program     static E:\3.46\pic18-lt\cxx-framework\src\traditional\proc\p18f4520.asm
                   loop_h   0x0011f2    program     static E:\3.46\pic18-lt\cxx-framework\src\traditional\proc\p18f4520.asm
                compare_l   0x0011fa    program     static E:\3.46\pic18-lt\cxx-framework\src\traditional\proc\p18f4520.asm
                   loop_l   0x0011fc    program     static E:\3.46\pic18-lt\cxx-framework\src\traditional\proc\p18f4520.asm
                 _startup   0x001204    program     extern E:\3.46\pic18-lt\cxx-framework\src\traditional\startup\c018i.c
                     loop   0x001214    program     static                          
       ___return_lbl00001   0x00121e    program     static                          
               __config_0   0x300001    program     static C:\Users\JingWen\Desktop\PcControl\src\PIC18\main.c
               __config_1   0x300002    program     static C:\Users\JingWen\Desktop\PcControl\src\PIC18\main.c
               __config_2   0x300003    program     static C:\Users\JingWen\Desktop\PcControl\src\PIC18\main.c
               __config_3   0x300006    program     static C:\Users\JingWen\Desktop\PcControl\src\PIC18\main.c
                  __REMB3   0x000000       data     extern E:\3.46\pic18-lt\cxx-framework\src\traditional\math\aarg.asm
                 __AARGB7   0x000000       data     extern E:\3.46\pic18-lt\cxx-framework\src\traditional\math\aarg.asm
                  __REMB2   0x000001       data     extern E:\3.46\pic18-lt\cxx-framework\src\traditional\math\aarg.asm
                 __AARGB6   0x000001       data     extern E:\3.46\pic18-lt\cxx-framework\src\traditional\math\aarg.asm
                  __REMB1   0x000002       data     extern E:\3.46\pic18-lt\cxx-framework\src\traditional\math\aarg.asm
                 __AARGB5   0x000002       data     extern E:\3.46\pic18-lt\cxx-framework\src\traditional\math\aarg.asm
                  __REMB0   0x000003       data     extern E:\3.46\pic18-lt\cxx-framework\src\traditional\math\aarg.asm
                 __AARGB4   0x000003       data     extern E:\3.46\pic18-lt\cxx-framework\src\traditional\math\aarg.asm
                 __AARGB3   0x000004       data     extern E:\3.46\pic18-lt\cxx-framework\src\traditional\math\aarg.asm
                 __AARGB2   0x000005       data     extern E:\3.46\pic18-lt\cxx-framework\src\traditional\math\aarg.asm
                 __AARGB1   0x000006       data     extern E:\3.46\pic18-lt\cxx-framework\src\traditional\math\aarg.asm
                 __AARGB0   0x000007       data     extern E:\3.46\pic18-lt\cxx-framework\src\traditional\math\aarg.asm
                   __AEXP   0x000008       data     extern E:\3.46\pic18-lt\cxx-framework\src\traditional\math\aarg.asm
                     SIGN   0x000009       data     extern E:\3.46\pic18-lt\cxx-framework\src\traditional\math\cmath18.asm
                __FPFLAGS   0x00000a       data     extern E:\3.46\pic18-lt\cxx-framework\src\traditional\math\cmath18.asm
            __FPFLAGSbits   0x00000a       data     extern E:\3.46\pic18-lt\cxx-framework\src\traditional\math\cmath18.asm
                  __tmp_0   0x00000b       data     static E:\3.46\pic18-lt\cxx-framework\src\pmc_common\USART\uopen.c
                  __tmp_0   0x00000b       data     static C:\Users\JingWen\Desktop\PcControl\src\PIC18\TCB.c
                  __tmp_0   0x00000b       data     static C:\Users\JingWen\Desktop\PcControl\src\PIC18\SevenSeg.c
                  __tmp_0   0x00000b       data     static C:\Users\JingWen\Desktop\PcControl\src\PIC18\PriorityLinkedList.c
                  __tmp_0   0x00000b       data     static C:\Users\JingWen\Desktop\PcControl\src\PIC18\PreemptiveOS.c
                  __tmp_0   0x00000b       data     static C:\Users\JingWen\Desktop\PcControl\src\PIC18\Led2.c
                  __tmp_0   0x00000b       data     static C:\Users\JingWen\Desktop\PcControl\src\PIC18\LEDSM.c
                  __tmp_1   0x000013       data     static C:\Users\JingWen\Desktop\PcControl\src\PIC18\Clock.c
               runningTCB   0x000100       data     extern C:\Users\JingWen\Desktop\PcControl\src\PIC18\PreemptiveOS.c
                  allTCBs   0x000102       data     extern C:\Users\JingWen\Desktop\PcControl\src\PIC18\PreemptiveOS.c
                   stacks   0x000123       data     extern C:\Users\JingWen\Desktop\PcControl\src\PIC18\PreemptiveOS.c
          sevenSegPattern   0x0001c3       data     extern C:\Users\JingWen\Desktop\PcControl\src\PIC18\SevenSeg.c
                    clock   0x0001d3       data     extern C:\Users\JingWen\Desktop\PcControl\src\PIC18\Clock.c
               workingReg   0x0001d7       data     extern C:\Users\JingWen\Desktop\PcControl\src\PIC18\Clock.c
            bankSelectReg   0x0001d8       data     extern C:\Users\JingWen\Desktop\PcControl\src\PIC18\Clock.c
                statusReg   0x0001d9       data     extern C:\Users\JingWen\Desktop\PcControl\src\PIC18\Clock.c
                    tosHi   0x0001da       data     extern C:\Users\JingWen\Desktop\PcControl\src\PIC18\Clock.c
                    tosLo   0x0001db       data     extern C:\Users\JingWen\Desktop\PcControl\src\PIC18\Clock.c
                     task   0x0001dc       data     extern C:\Users\JingWen\Desktop\PcControl\src\PIC18\Clock.c
             stackPointer   0x0001de       data     extern C:\Users\JingWen\Desktop\PcControl\src\PIC18\Clock.c
                     prom   0x0001e0       data     static E:\3.46\pic18-lt\cxx-framework\src\traditional\startup\c018i.c
                curr_byte   0x0001e3       data     static E:\3.46\pic18-lt\cxx-framework\src\traditional\startup\c018i.c
               curr_entry   0x0001e5       data     static E:\3.46\pic18-lt\cxx-framework\src\traditional\startup\c018i.c
                 data_ptr   0x0001e7       data     static E:\3.46\pic18-lt\cxx-framework\src\traditional\startup\c018i.c
               readyQueue   0x0001ea       data     extern C:\Users\JingWen\Desktop\PcControl\src\PIC18\PreemptiveOS.c
             USART_Status   0x0001ee       data     extern E:\3.46\pic18-lt\cxx-framework\src\pmc_common\USART\udefs.c
                PORTAbits   0x000f80       data     extern E:\3.46\pic18-lt\cxx-framework\src\traditional\proc\p18f4520.asm
                    PORTA   0x000f80       data     extern E:\3.46\pic18-lt\cxx-framework\src\traditional\proc\p18f4520.asm
                    PORTB   0x000f81       data     extern E:\3.46\pic18-lt\cxx-framework\src\traditional\proc\p18f4520.asm
                PORTBbits   0x000f81       data     extern E:\3.46\pic18-lt\cxx-framework\src\traditional\proc\p18f4520.asm
                PORTCbits   0x000f82       data     extern E:\3.46\pic18-lt\cxx-framework\src\traditional\proc\p18f4520.asm
                    PORTC   0x000f82       data     extern E:\3.46\pic18-lt\cxx-framework\src\traditional\proc\p18f4520.asm
                PORTDbits   0x000f83       data     extern E:\3.46\pic18-lt\cxx-framework\src\traditional\proc\p18f4520.asm
                    PORTD   0x000f83       data     extern E:\3.46\pic18-lt\cxx-framework\src\traditional\proc\p18f4520.asm
                    PORTE   0x000f84       data     extern E:\3.46\pic18-lt\cxx-framework\src\traditional\proc\p18f4520.asm
                PORTEbits   0x000f84       data     extern E:\3.46\pic18-lt\cxx-framework\src\traditional\proc\p18f4520.asm
                     LATA   0x000f89       data     extern E:\3.46\pic18-lt\cxx-framework\src\traditional\proc\p18f4520.asm
                 LATAbits   0x000f89       data     extern E:\3.46\pic18-lt\cxx-framework\src\traditional\proc\p18f4520.asm
                 LATBbits   0x000f8a       data     extern E:\3.46\pic18-lt\cxx-framework\src\traditional\proc\p18f4520.asm
                     LATB   0x000f8a       data     extern E:\3.46\pic18-lt\cxx-framework\src\traditional\proc\p18f4520.asm
                 LATCbits   0x000f8b       data     extern E:\3.46\pic18-lt\cxx-framework\src\traditional\proc\p18f4520.asm
                     LATC   0x000f8b       data     extern E:\3.46\pic18-lt\cxx-framework\src\traditional\proc\p18f4520.asm
                 LATDbits   0x000f8c       data     extern E:\3.46\pic18-lt\cxx-framework\src\traditional\proc\p18f4520.asm
                     LATD   0x000f8c       data     extern E:\3.46\pic18-lt\cxx-framework\src\traditional\proc\p18f4520.asm
                 LATEbits   0x000f8d       data     extern E:\3.46\pic18-lt\cxx-framework\src\traditional\proc\p18f4520.asm
                     LATE   0x000f8d       data     extern E:\3.46\pic18-lt\cxx-framework\src\traditional\proc\p18f4520.asm
                TRISAbits   0x000f92       data     extern E:\3.46\pic18-lt\cxx-framework\src\traditional\proc\p18f4520.asm
                    TRISA   0x000f92       data     extern E:\3.46\pic18-lt\cxx-framework\src\traditional\proc\p18f4520.asm
                 DDRAbits   0x000f92       data     extern E:\3.46\pic18-lt\cxx-framework\src\traditional\proc\p18f4520.asm
                     DDRA   0x000f92       data     extern E:\3.46\pic18-lt\cxx-framework\src\traditional\proc\p18f4520.asm
                 DDRBbits   0x000f93       data     extern E:\3.46\pic18-lt\cxx-framework\src\traditional\proc\p18f4520.asm
                     DDRB   0x000f93       data     extern E:\3.46\pic18-lt\cxx-framework\src\traditional\proc\p18f4520.asm
                TRISBbits   0x000f93       data     extern E:\3.46\pic18-lt\cxx-framework\src\traditional\proc\p18f4520.asm
                    TRISB   0x000f93       data     extern E:\3.46\pic18-lt\cxx-framework\src\traditional\proc\p18f4520.asm
                    TRISC   0x000f94       data     extern E:\3.46\pic18-lt\cxx-framework\src\traditional\proc\p18f4520.asm
                TRISCbits   0x000f94       data     extern E:\3.46\pic18-lt\cxx-framework\src\traditional\proc\p18f4520.asm
                     DDRC   0x000f94       data     extern E:\3.46\pic18-lt\cxx-framework\src\traditional\proc\p18f4520.asm
                 DDRCbits   0x000f94       data     extern E:\3.46\pic18-lt\cxx-framework\src\traditional\proc\p18f4520.asm
                    TRISD   0x000f95       data     extern E:\3.46\pic18-lt\cxx-framework\src\traditional\proc\p18f4520.asm
                TRISDbits   0x000f95       data     extern E:\3.46\pic18-lt\cxx-framework\src\traditional\proc\p18f4520.asm
                     DDRD   0x000f95       data     extern E:\3.46\pic18-lt\cxx-framework\src\traditional\proc\p18f4520.asm
                 DDRDbits   0x000f95       data     extern E:\3.46\pic18-lt\cxx-framework\src\traditional\proc\p18f4520.asm
                    TRISE   0x000f96       data     extern E:\3.46\pic18-lt\cxx-framework\src\traditional\proc\p18f4520.asm
                TRISEbits   0x000f96       data     extern E:\3.46\pic18-lt\cxx-framework\src\traditional\proc\p18f4520.asm
                     DDRE   0x000f96       data     extern E:\3.46\pic18-lt\cxx-framework\src\traditional\proc\p18f4520.asm
                 DDREbits   0x000f96       data     extern E:\3.46\pic18-lt\cxx-framework\src\traditional\proc\p18f4520.asm
              OSCTUNEbits   0x000f9b       data     extern E:\3.46\pic18-lt\cxx-framework\src\traditional\proc\p18f4520.asm
                  OSCTUNE   0x000f9b       data     extern E:\3.46\pic18-lt\cxx-framework\src\traditional\proc\p18f4520.asm
                     PIE1   0x000f9d       data     extern E:\3.46\pic18-lt\cxx-framework\src\traditional\proc\p18f4520.asm
                 PIE1bits   0x000f9d       data     extern E:\3.46\pic18-lt\cxx-framework\src\traditional\proc\p18f4520.asm
                     PIR1   0x000f9e       data     extern E:\3.46\pic18-lt\cxx-framework\src\traditional\proc\p18f4520.asm
                 PIR1bits   0x000f9e       data     extern E:\3.46\pic18-lt\cxx-framework\src\traditional\proc\p18f4520.asm
                 IPR1bits   0x000f9f       data     extern E:\3.46\pic18-lt\cxx-framework\src\traditional\proc\p18f4520.asm
                     IPR1   0x000f9f       data     extern E:\3.46\pic18-lt\cxx-framework\src\traditional\proc\p18f4520.asm
                     PIE2   0x000fa0       data     extern E:\3.46\pic18-lt\cxx-framework\src\traditional\proc\p18f4520.asm
                 PIE2bits   0x000fa0       data     extern E:\3.46\pic18-lt\cxx-framework\src\traditional\proc\p18f4520.asm
                     PIR2   0x000fa1       data     extern E:\3.46\pic18-lt\cxx-framework\src\traditional\proc\p18f4520.asm
                 PIR2bits   0x000fa1       data     extern E:\3.46\pic18-lt\cxx-framework\src\traditional\proc\p18f4520.asm
                 IPR2bits   0x000fa2       data     extern E:\3.46\pic18-lt\cxx-framework\src\traditional\proc\p18f4520.asm
                     IPR2   0x000fa2       data     extern E:\3.46\pic18-lt\cxx-framework\src\traditional\proc\p18f4520.asm
               EECON1bits   0x000fa6       data     extern E:\3.46\pic18-lt\cxx-framework\src\traditional\proc\p18f4520.asm
                   EECON1   0x000fa6       data     extern E:\3.46\pic18-lt\cxx-framework\src\traditional\proc\p18f4520.asm
                   EECON2   0x000fa7       data     extern E:\3.46\pic18-lt\cxx-framework\src\traditional\proc\p18f4520.asm
                   EEDATA   0x000fa8       data     extern E:\3.46\pic18-lt\cxx-framework\src\traditional\proc\p18f4520.asm
                    EEADR   0x000fa9       data     extern E:\3.46\pic18-lt\cxx-framework\src\traditional\proc\p18f4520.asm
                RCSTAbits   0x000fab       data     extern E:\3.46\pic18-lt\cxx-framework\src\traditional\proc\p18f4520.asm
                    RCSTA   0x000fab       data     extern E:\3.46\pic18-lt\cxx-framework\src\traditional\proc\p18f4520.asm
                    TXSTA   0x000fac       data     extern E:\3.46\pic18-lt\cxx-framework\src\traditional\proc\p18f4520.asm
                TXSTAbits   0x000fac       data     extern E:\3.46\pic18-lt\cxx-framework\src\traditional\proc\p18f4520.asm
                    TXREG   0x000fad       data     extern E:\3.46\pic18-lt\cxx-framework\src\traditional\proc\p18f4520.asm
                    RCREG   0x000fae       data     extern E:\3.46\pic18-lt\cxx-framework\src\traditional\proc\p18f4520.asm
                    SPBRG   0x000faf       data     extern E:\3.46\pic18-lt\cxx-framework\src\traditional\proc\p18f4520.asm
                   SPBRGH   0x000fb0       data     extern E:\3.46\pic18-lt\cxx-framework\src\traditional\proc\p18f4520.asm
                    T3CON   0x000fb1       data     extern E:\3.46\pic18-lt\cxx-framework\src\traditional\proc\p18f4520.asm
                T3CONbits   0x000fb1       data     extern E:\3.46\pic18-lt\cxx-framework\src\traditional\proc\p18f4520.asm
                    TMR3L   0x000fb2       data     extern E:\3.46\pic18-lt\cxx-framework\src\traditional\proc\p18f4520.asm
                    TMR3H   0x000fb3       data     extern E:\3.46\pic18-lt\cxx-framework\src\traditional\proc\p18f4520.asm
                CMCONbits   0x000fb4       data     extern E:\3.46\pic18-lt\cxx-framework\src\traditional\proc\p18f4520.asm
                    CMCON   0x000fb4       data     extern E:\3.46\pic18-lt\cxx-framework\src\traditional\proc\p18f4520.asm
               CVRCONbits   0x000fb5       data     extern E:\3.46\pic18-lt\cxx-framework\src\traditional\proc\p18f4520.asm
                   CVRCON   0x000fb5       data     extern E:\3.46\pic18-lt\cxx-framework\src\traditional\proc\p18f4520.asm
               ECCPASbits   0x000fb6       data     extern E:\3.46\pic18-lt\cxx-framework\src\traditional\proc\p18f4520.asm
                   ECCPAS   0x000fb6       data     extern E:\3.46\pic18-lt\cxx-framework\src\traditional\proc\p18f4520.asm
              ECCP1ASbits   0x000fb6       data     extern E:\3.46\pic18-lt\cxx-framework\src\traditional\proc\p18f4520.asm
                  ECCP1AS   0x000fb6       data     extern E:\3.46\pic18-lt\cxx-framework\src\traditional\proc\p18f4520.asm
              PWM1CONbits   0x000fb7       data     extern E:\3.46\pic18-lt\cxx-framework\src\traditional\proc\p18f4520.asm
                  PWM1CON   0x000fb7       data     extern E:\3.46\pic18-lt\cxx-framework\src\traditional\proc\p18f4520.asm
             ECCP1DELbits   0x000fb7       data     extern E:\3.46\pic18-lt\cxx-framework\src\traditional\proc\p18f4520.asm
                 ECCP1DEL   0x000fb7       data     extern E:\3.46\pic18-lt\cxx-framework\src\traditional\proc\p18f4520.asm
              BAUDCTLbits   0x000fb8       data     extern E:\3.46\pic18-lt\cxx-framework\src\traditional\proc\p18f4520.asm
                  BAUDCTL   0x000fb8       data     extern E:\3.46\pic18-lt\cxx-framework\src\traditional\proc\p18f4520.asm
              BAUDCONbits   0x000fb8       data     extern E:\3.46\pic18-lt\cxx-framework\src\traditional\proc\p18f4520.asm
                  BAUDCON   0x000fb8       data     extern E:\3.46\pic18-lt\cxx-framework\src\traditional\proc\p18f4520.asm
                  CCP2CON   0x000fba       data     extern E:\3.46\pic18-lt\cxx-framework\src\traditional\proc\p18f4520.asm
              CCP2CONbits   0x000fba       data     extern E:\3.46\pic18-lt\cxx-framework\src\traditional\proc\p18f4520.asm
                   CCPR2L   0x000fbb       data     extern E:\3.46\pic18-lt\cxx-framework\src\traditional\proc\p18f4520.asm
                    CCPR2   0x000fbb       data     extern E:\3.46\pic18-lt\cxx-framework\src\traditional\proc\p18f4520.asm
                   CCPR2H   0x000fbc       data     extern E:\3.46\pic18-lt\cxx-framework\src\traditional\proc\p18f4520.asm
              CCP1CONbits   0x000fbd       data     extern E:\3.46\pic18-lt\cxx-framework\src\traditional\proc\p18f4520.asm
                  CCP1CON   0x000fbd       data     extern E:\3.46\pic18-lt\cxx-framework\src\traditional\proc\p18f4520.asm
                   CCPR1L   0x000fbe       data     extern E:\3.46\pic18-lt\cxx-framework\src\traditional\proc\p18f4520.asm
                    CCPR1   0x000fbe       data     extern E:\3.46\pic18-lt\cxx-framework\src\traditional\proc\p18f4520.asm
                   CCPR1H   0x000fbf       data     extern E:\3.46\pic18-lt\cxx-framework\src\traditional\proc\p18f4520.asm
                   ADCON2   0x000fc0       data     extern E:\3.46\pic18-lt\cxx-framework\src\traditional\proc\p18f4520.asm
               ADCON2bits   0x000fc0       data     extern E:\3.46\pic18-lt\cxx-framework\src\traditional\proc\p18f4520.asm
               ADCON1bits   0x000fc1       data     extern E:\3.46\pic18-lt\cxx-framework\src\traditional\proc\p18f4520.asm
                   ADCON1   0x000fc1       data     extern E:\3.46\pic18-lt\cxx-framework\src\traditional\proc\p18f4520.asm
                   ADCON0   0x000fc2       data     extern E:\3.46\pic18-lt\cxx-framework\src\traditional\proc\p18f4520.asm
               ADCON0bits   0x000fc2       data     extern E:\3.46\pic18-lt\cxx-framework\src\traditional\proc\p18f4520.asm
                    ADRES   0x000fc3       data     extern E:\3.46\pic18-lt\cxx-framework\src\traditional\proc\p18f4520.asm
                   ADRESL   0x000fc3       data     extern E:\3.46\pic18-lt\cxx-framework\src\traditional\proc\p18f4520.asm
                   ADRESH   0x000fc4       data     extern E:\3.46\pic18-lt\cxx-framework\src\traditional\proc\p18f4520.asm
                  SSPCON2   0x000fc5       data     extern E:\3.46\pic18-lt\cxx-framework\src\traditional\proc\p18f4520.asm
              SSPCON2bits   0x000fc5       data     extern E:\3.46\pic18-lt\cxx-framework\src\traditional\proc\p18f4520.asm
                  SSPCON1   0x000fc6       data     extern E:\3.46\pic18-lt\cxx-framework\src\traditional\proc\p18f4520.asm
              SSPCON1bits   0x000fc6       data     extern E:\3.46\pic18-lt\cxx-framework\src\traditional\proc\p18f4520.asm
                  SSPSTAT   0x000fc7       data     extern E:\3.46\pic18-lt\cxx-framework\src\traditional\proc\p18f4520.asm
              SSPSTATbits   0x000fc7       data     extern E:\3.46\pic18-lt\cxx-framework\src\traditional\proc\p18f4520.asm
                   SSPADD   0x000fc8       data     extern E:\3.46\pic18-lt\cxx-framework\src\traditional\proc\p18f4520.asm
                   SSPBUF   0x000fc9       data     extern E:\3.46\pic18-lt\cxx-framework\src\traditional\proc\p18f4520.asm
                    T2CON   0x000fca       data     extern E:\3.46\pic18-lt\cxx-framework\src\traditional\proc\p18f4520.asm
                T2CONbits   0x000fca       data     extern E:\3.46\pic18-lt\cxx-framework\src\traditional\proc\p18f4520.asm
                      PR2   0x000fcb       data     extern E:\3.46\pic18-lt\cxx-framework\src\traditional\proc\p18f4520.asm
                     TMR2   0x000fcc       data     extern E:\3.46\pic18-lt\cxx-framework\src\traditional\proc\p18f4520.asm
                T1CONbits   0x000fcd       data     extern E:\3.46\pic18-lt\cxx-framework\src\traditional\proc\p18f4520.asm
                    T1CON   0x000fcd       data     extern E:\3.46\pic18-lt\cxx-framework\src\traditional\proc\p18f4520.asm
                    TMR1L   0x000fce       data     extern E:\3.46\pic18-lt\cxx-framework\src\traditional\proc\p18f4520.asm
                    TMR1H   0x000fcf       data     extern E:\3.46\pic18-lt\cxx-framework\src\traditional\proc\p18f4520.asm
                     RCON   0x000fd0       data     extern E:\3.46\pic18-lt\cxx-framework\src\traditional\proc\p18f4520.asm
                 RCONbits   0x000fd0       data     extern E:\3.46\pic18-lt\cxx-framework\src\traditional\proc\p18f4520.asm
               WDTCONbits   0x000fd1       data     extern E:\3.46\pic18-lt\cxx-framework\src\traditional\proc\p18f4520.asm
                   WDTCON   0x000fd1       data     extern E:\3.46\pic18-lt\cxx-framework\src\traditional\proc\p18f4520.asm
               LVDCONbits   0x000fd2       data     extern E:\3.46\pic18-lt\cxx-framework\src\traditional\proc\p18f4520.asm
                   LVDCON   0x000fd2       data     extern E:\3.46\pic18-lt\cxx-framework\src\traditional\proc\p18f4520.asm
              HLVDCONbits   0x000fd2       data     extern E:\3.46\pic18-lt\cxx-framework\src\traditional\proc\p18f4520.asm
                  HLVDCON   0x000fd2       data     extern E:\3.46\pic18-lt\cxx-framework\src\traditional\proc\p18f4520.asm
               OSCCONbits   0x000fd3       data     extern E:\3.46\pic18-lt\cxx-framework\src\traditional\proc\p18f4520.asm
                   OSCCON   0x000fd3       data     extern E:\3.46\pic18-lt\cxx-framework\src\traditional\proc\p18f4520.asm
                    T0CON   0x000fd5       data     extern E:\3.46\pic18-lt\cxx-framework\src\traditional\proc\p18f4520.asm
                T0CONbits   0x000fd5       data     extern E:\3.46\pic18-lt\cxx-framework\src\traditional\proc\p18f4520.asm
                    TMR0L   0x000fd6       data     extern E:\3.46\pic18-lt\cxx-framework\src\traditional\proc\p18f4520.asm
                    TMR0H   0x000fd7       data     extern E:\3.46\pic18-lt\cxx-framework\src\traditional\proc\p18f4520.asm
               STATUSbits   0x000fd8       data     extern E:\3.46\pic18-lt\cxx-framework\src\traditional\proc\p18f4520.asm
                   STATUS   0x000fd8       data     extern E:\3.46\pic18-lt\cxx-framework\src\traditional\proc\p18f4520.asm
                    FSR2L   0x000fd9       data     extern E:\3.46\pic18-lt\cxx-framework\src\traditional\proc\p18f4520.asm
                     FSR2   0x000fd9       data     extern E:\3.46\pic18-lt\cxx-framework\src\traditional\proc\p18f4520.asm
                    FSR2H   0x000fda       data     extern E:\3.46\pic18-lt\cxx-framework\src\traditional\proc\p18f4520.asm
                   PLUSW2   0x000fdb       data     extern E:\3.46\pic18-lt\cxx-framework\src\traditional\proc\p18f4520.asm
                  PREINC2   0x000fdc       data     extern E:\3.46\pic18-lt\cxx-framework\src\traditional\proc\p18f4520.asm
                 POSTDEC2   0x000fdd       data     extern E:\3.46\pic18-lt\cxx-framework\src\traditional\proc\p18f4520.asm
                 POSTINC2   0x000fde       data     extern E:\3.46\pic18-lt\cxx-framework\src\traditional\proc\p18f4520.asm
                    INDF2   0x000fdf       data     extern E:\3.46\pic18-lt\cxx-framework\src\traditional\proc\p18f4520.asm
                      BSR   0x000fe0       data     extern E:\3.46\pic18-lt\cxx-framework\src\traditional\proc\p18f4520.asm
                    FSR1L   0x000fe1       data     extern E:\3.46\pic18-lt\cxx-framework\src\traditional\proc\p18f4520.asm
                     FSR1   0x000fe1       data     extern E:\3.46\pic18-lt\cxx-framework\src\traditional\proc\p18f4520.asm
                    FSR1H   0x000fe2       data     extern E:\3.46\pic18-lt\cxx-framework\src\traditional\proc\p18f4520.asm
                   PLUSW1   0x000fe3       data     extern E:\3.46\pic18-lt\cxx-framework\src\traditional\proc\p18f4520.asm
                  PREINC1   0x000fe4       data     extern E:\3.46\pic18-lt\cxx-framework\src\traditional\proc\p18f4520.asm
                 POSTDEC1   0x000fe5       data     extern E:\3.46\pic18-lt\cxx-framework\src\traditional\proc\p18f4520.asm
                 POSTINC1   0x000fe6       data     extern E:\3.46\pic18-lt\cxx-framework\src\traditional\proc\p18f4520.asm
                    INDF1   0x000fe7       data     extern E:\3.46\pic18-lt\cxx-framework\src\traditional\proc\p18f4520.asm
                     WREG   0x000fe8       data     extern E:\3.46\pic18-lt\cxx-framework\src\traditional\proc\p18f4520.asm
                        W   0x000fe8       data     extern E:\3.46\pic18-lt\cxx-framework\src\traditional\proc\p18f4520.asm
                     FSR0   0x000fe9       data     extern E:\3.46\pic18-lt\cxx-framework\src\traditional\proc\p18f4520.asm
                    FSR0L   0x000fe9       data     extern E:\3.46\pic18-lt\cxx-framework\src\traditional\proc\p18f4520.asm
                    FSR0H   0x000fea       data     extern E:\3.46\pic18-lt\cxx-framework\src\traditional\proc\p18f4520.asm
                   PLUSW0   0x000feb       data     extern E:\3.46\pic18-lt\cxx-framework\src\traditional\proc\p18f4520.asm
                  PREINC0   0x000fec       data     extern E:\3.46\pic18-lt\cxx-framework\src\traditional\proc\p18f4520.asm
                 POSTDEC0   0x000fed       data     extern E:\3.46\pic18-lt\cxx-framework\src\traditional\proc\p18f4520.asm
                 POSTINC0   0x000fee       data     extern E:\3.46\pic18-lt\cxx-framework\src\traditional\proc\p18f4520.asm
                    INDF0   0x000fef       data     extern E:\3.46\pic18-lt\cxx-framework\src\traditional\proc\p18f4520.asm
              INTCON3bits   0x000ff0       data     extern E:\3.46\pic18-lt\cxx-framework\src\traditional\proc\p18f4520.asm
                  INTCON3   0x000ff0       data     extern E:\3.46\pic18-lt\cxx-framework\src\traditional\proc\p18f4520.asm
              INTCON2bits   0x000ff1       data     extern E:\3.46\pic18-lt\cxx-framework\src\traditional\proc\p18f4520.asm
                  INTCON2   0x000ff1       data     extern E:\3.46\pic18-lt\cxx-framework\src\traditional\proc\p18f4520.asm
               INTCONbits   0x000ff2       data     extern E:\3.46\pic18-lt\cxx-framework\src\traditional\proc\p18f4520.asm
                   INTCON   0x000ff2       data     extern E:\3.46\pic18-lt\cxx-framework\src\traditional\proc\p18f4520.asm
                     PROD   0x000ff3       data     extern E:\3.46\pic18-lt\cxx-framework\src\traditional\proc\p18f4520.asm
                    PRODL   0x000ff3       data     extern E:\3.46\pic18-lt\cxx-framework\src\traditional\proc\p18f4520.asm
                    PRODH   0x000ff4       data     extern E:\3.46\pic18-lt\cxx-framework\src\traditional\proc\p18f4520.asm
                   TABLAT   0x000ff5       data     extern E:\3.46\pic18-lt\cxx-framework\src\traditional\proc\p18f4520.asm
                   TBLPTR   0x000ff6       data     extern E:\3.46\pic18-lt\cxx-framework\src\traditional\proc\p18f4520.asm
                  TBLPTRL   0x000ff6       data     extern E:\3.46\pic18-lt\cxx-framework\src\traditional\proc\p18f4520.asm
                  TBLPTRH   0x000ff7       data     extern E:\3.46\pic18-lt\cxx-framework\src\traditional\proc\p18f4520.asm
                  TBLPTRU   0x000ff8       data     extern E:\3.46\pic18-lt\cxx-framework\src\traditional\proc\p18f4520.asm
                      PCL   0x000ff9       data     extern E:\3.46\pic18-lt\cxx-framework\src\traditional\proc\p18f4520.asm
                       PC   0x000ff9       data     extern E:\3.46\pic18-lt\cxx-framework\src\traditional\proc\p18f4520.asm
                   PCLATH   0x000ffa       data     extern E:\3.46\pic18-lt\cxx-framework\src\traditional\proc\p18f4520.asm
                   PCLATU   0x000ffb       data     extern E:\3.46\pic18-lt\cxx-framework\src\traditional\proc\p18f4520.asm
                   STKPTR   0x000ffc       data     extern E:\3.46\pic18-lt\cxx-framework\src\traditional\proc\p18f4520.asm
               STKPTRbits   0x000ffc       data     extern E:\3.46\pic18-lt\cxx-framework\src\traditional\proc\p18f4520.asm
                     TOSL   0x000ffd       data     extern E:\3.46\pic18-lt\cxx-framework\src\traditional\proc\p18f4520.asm
                      TOS   0x000ffd       data     extern E:\3.46\pic18-lt\cxx-framework\src\traditional\proc\p18f4520.asm
                     TOSH   0x000ffe       data     extern E:\3.46\pic18-lt\cxx-framework\src\traditional\proc\p18f4520.asm
                     TOSU   0x000fff       data     extern E:\3.46\pic18-lt\cxx-framework\src\traditional\proc\p18f4520.asm


